<nav><ul class="top-nav"><li><a href="/">Home</a></li><li><a href="/about-us"><b>About us</b></a></li><li><a class="spt" href="/support"><i>support</i></a></li></ul></nav>